Intel-8051 Macro Assembler - Version 1.00

      1    0000                           	ORG 000H
      2    0000     90 00 2F              START: MOV DPTR,#TABLE
      3    0003     7B 4D                 	MOV R3,#OK-TABLE+1
      4    0005     7A 01                 LOOP: MOV R2,#1
      5    0007     11 10                 SCAN: ACALL SCAN1
      6    0009     DA FC                 	DJNZ R2,SCAN
      7    000B                           
      8    000B     A3                    	INC DPTR
      9    000C     DA F9                 	DJNZ R2,SCAN
     10    000E     01 00                 	AJMP START
     11    0010                           
     12    0010                           SCAN1:
     13    0010     79 00                 	MOV R1,#00H
     14    0012     7D FE                 	MOV R5,#11111110B
     15    0014     7C 08                 	MOV R4,#08
     16    0016                           
     17    0016                           LOOP1:
     18    0016     E9                    	MOV A,R1
     19    0017     93                    	MOVC A,@A+DPTR
     20    0018     F4                    	CPL A
     21    0019     F5 80                 	MOV P0,A		;matrix LED
     22    001B     8D 90                 	MOV P1,R5		;transistor
     23    001D                           
     24    001D     7E 05                 	MOV R6,#5
     25    001F     7F 32                 DL1: MOV R7,#50
     26    0021     DF FE                 DL2: DJNZ R7,DL2
     27    0023     DE FA                 	DJNZ R6,DL1
     28    0025                           
     29    0025     43 90 FF              	ORL P1,#11111111B
     30    0028     ED                    	MOV A,R5
     31    0029     23                    	RL A
     32    002A     FD                    	MOV R5,A
     33    002B     09                    	INC R1
     34    002C     DC E8                 	DJNZ R4,LOOP1
     35    002E     22                    	RET
     36    002F                           
     37    002F                           TABLE:
     38    002F     00                    	DB 00000000B
     39    0030     00                    	DB 00000000B
     40    0031     00                    	DB 00000000B
     41    0032     00                    	DB 00000000B
     42    0033     00                    	DB 00000000B
     43    0034     00                    	DB 00000000B
     44    0035     00                    	DB 00000000B
     45    0036     00                    	DB 00000000B
     46    0037                           ;W
     47    0037     3F                    	DB 00111111B
     48    0038     40                    	DB 01000000B
     49    0039     38                    	DB 00111000B
     50    003A     40                    	DB 01000000B
     51    003B     3F                    	DB 00111111B
     52    003C     00                    	DB 00000000B
     53    003D     00                    	DB 00000000B
     54    003E     00                    	DB 00000000B
     55    003F                           
     56    003F     00                    	DB 00000000B
     57    0040     00                    	DB 00000000B
     58    0041                           ;E
     59    0041     7F                    	DB 01111111B
     60    0042     49                    	DB 01001001B
     61    0043     49                    	DB 01001001B
     62    0044     49                    	DB 01001001B
     63    0045     41                    	DB 01000001B
     64    0046     00                    	DB 00000000B
     65    0047     00                    	DB 00000000B
     66    0048     00                    	DB 00000000B
     67    0049                           
     68    0049     00                    	DB 00000000B
     69    004A     00                    	DB 00000000B
     70    004B                           ;L
     71    004B     7F                    	DB 01111111B
     72    004C     40                    	DB 01000000B
     73    004D     40                    	DB 01000000B
     74    004E     40                    	DB 01000000B
     75    004F     40                    	DB 01000000B
     76    0050     00                    	DB 00000000B
     77    0051     00                    	DB 00000000B
     78    0052     00                    	DB 00000000B
     79    0053                           
     80    0053     00                    	DB 00000000B
     81    0054     00                    	DB 00000000B
     82    0055                           ;C
     83    0055     3E                    	DB 00111110B
     84    0056     41                    	DB 01000001B
     85    0057     41                    	DB 01000001B
     86    0058     41                    	DB 01000001B
     87    0059     22                    	DB 00100010B
     88    005A     00                    	DB 00000000B
     89    005B     00                    	DB 00000000B
     90    005C     00                    	DB 00000000B
     91    005D                           
     92    005D     00                    	DB 00000000B
     93    005E     00                    	DB 00000000B
     94    005F                           ;O
     95    005F     3E                    	DB 00111110B
     96    0060     41                    	DB 01000001B
     97    0061     41                    	DB 01000001B
     98    0062     41                    	DB 01000001B
     99    0063     3E                    	DB 00111110B
    100    0064     00                    	DB 00000000B
    101    0065     00                    	DB 00000000B
    102    0066     00                    	DB 00000000B
    103    0067                           
    104    0067     00                    	DB 00000000B
    105    0068     00                    	DB 00000000B
    106    0069                           ;M
    107    0069     7F                    	DB 01111111B
    108    006A     02                    	DB 00000010B
    109    006B     0C                    	DB 00001100B
    110    006C     02                    	DB 00000010B
    111    006D     7F                    	DB 01111111B
    112    006E     00                    	DB 00000000B
    113    006F     00                    	DB 00000000B
    114    0070     00                    	DB 00000000B
    115    0071                           
    116    0071     00                    	DB 00000000B
    117    0072     00                    	DB 00000000B
    118    0073                           ;E
    119    0073     7F                    	DB 01111111B
    120    0074     49                    	DB 01001001B
    121    0075     49                    	DB 01001001B
    122    0076     49                    	DB 01001001B
    123    0077     41                    	DB 01000001B
    124    0078     00                    	DB 00000000B
    125    0079     00                    	DB 00000000B
    126    007A     00                    	DB 00000000B
    127    007B                           
    128    007B     00                    OK:	DB 00000000B
    129    007C     00                    	DB 00000000B
    130    007D     00                    	DB 00000000B
    131    007E     00                    	DB 00000000B
    132    007F     00                    	DB 00000000B
    133    0080     00                    	DB 00000000B
    134    0081     00                    	DB 00000000B
    135    0082     00                    	DB 00000000B
    136    0083                           
    137    0083                           	END
